------ Reduction of Nested Let-Expressions ------
(if (y <= x) then x else y)
