------ Reduction of Nested Let-Expressions ------
(if (x <= y) then x else y)
