------ Reduction of Nested Let-Expressions ------
(let rec f x = (x + 1) in (let x = 3 in (f (x + 2))))
