------ Reduction of Nested Let-Expressions ------
(let x = 3 in (?v2 + ?v2))
