------ Reduction of Nested Let-Expressions ------
(1 - 2)
