------ Reduction of Nested Let-Expressions ------
((4 - 1) + 3)
