------ Reduction of Nested Let-Expressions ------
(print_int 42)
