------ Reduction of Nested Let-Expressions ------
(let y = 3 in (let z = ?v4 in (?v3 + 3)))
