------ AST ------
(let x = 1 in (print_int ((adder ((caca 7) 8)) 7)))
