------ AST ------
(let x = (Array.create (let z = (2 - 5) in z) 5) in (x.(3) <- (let y = (1 + 2) in y)))
