------ AST ------
(if (x = y) then x else y)
------ Height of the AST ------
using Height.computeHeight: 2
using HeightVisitor: 2
