------ AST ------
(if (not (x <= y)) then x else y)
