------ AST ------
(if (not (y <= x)) then x else y)
