------ AST ------
(let x = 1 in (let y = 2 in (if (x <= y) then x else y)))
