------ AST ------
(let x = (let rec f x = (let rec g y = (x + y) in y) in x) in x)
------ Height of the AST ------
using Height.computeHeight: 4
using HeightVisitor: 4
