------ AST ------
(let x = (1 + 2) in (print_int x))
------ Height of the AST ------
using Height.computeHeight: 2
using HeightVisitor: 2
