------ AST ------
(print_int 42)
------ Height of the AST ------
using Height.computeHeight: 1
using HeightVisitor: 1
