------ K-Normalization ------
(let x = 1 in (let y = 2 in (let ?v0 = x in (let ?v1 = y in (if (?v0 <= ?v1) then x else y)))))
