------ K-Normalization ------
(let x = (let y = 1 in (let ?v0 = y in (let ?v1 = 5 in (?v0 + ?v1)))) in (print_int (x + 12)))
