------ K-Normalization ------
(let ?v0 = (let ?v2 = 6 in (let ?v3 = 3 in (?v2 - ?v3))) in (let ?v1 = 1 in (?v0 - ?v1)))
