------ K-Normalization ------
(let ?v0 = 1 in (let ?v1 = 2 in (?v0 - ?v1)))
