------ K-Normalization ------
(1, 2, (1,50 +. 4,00), (let x = (let y = 5 in (y + 2)) in (x - 3)))
