------ AlphaConversion ------
(let ?v2 = (1 + 2) in y)
