------ AlphaConversion ------
(let ?v0 = (let rec ?v1 ?v2 = (let rec ?v3 ?v4 = (?v2 + y) in y) in ?v5) in ?v5)
