------ AlphaConversion ------
(let ?v2 = 3 in (?v2 + ?v2))
