------ AlphaConversion ------
(let ?v2 = (let ?v3 = 1 in (?v3 + 5)) in (print_int (?v2 + 12)))
