------ AlphaConversion ------
(let ?v0 = (let ?v1 = (let ?v2 = (4 + 1) in (?v2 + 2)) in (?v1 + 3)) in (let ?v3 = (2 - 1) in (?v0 - ?v3)))
