@------ ARM ------
(let y = e0 in (let x = e1 in e2))
