@------ ARM ------
(let x = 3 in (let y = 4 in (?v2 + ?v3)))
