@------ ARM ------
(let y = 1 in (let x = (?v3 + 5) in (print_int (?v2 + 12))))
