@------ ARM------
	.text
	.global _start
_start:
	BL _main
_main:
	@MAIN PROLOGUE
	SUB sp, #4
	LDR lr, [sp]
	SUB sp, #4
	STR fp, [sp]
	MOV fp, sp

	LDR r4, =1
	LDR r5, =2
	SUB r0, r4, r5

	@MAIN EPILOGUE
	ADD sp, #4
	MOV sp, fp
	LDR fp, [sp]
	ADD sp, #4

	MOV r7, #1
	swi 0

