@------ ARM------
	.text
	.global _start
_start:
	BL _main
_main:
	@MAIN PROLOGUE
	SUB sp, #4
	LDR lr, [sp]
	SUB sp, #4
	STR fp, [sp]
	MOV fp, sp

<<<<<<< HEAD
	LDR r4, =4
	LDR r7, =1
	SUB r0, r4, r7
	MOV r6, r0
	LDR r5, =3
	ADD r0, r6, r5
=======
	LDR r5, =4
	LDR r4, =1
	SUB r0, r5, r4
	MOV r7, r0
	LDR r6, =3
	ADD r0, r7, r6
>>>>>>> 48912285d15bd6d1818b0a5cce97984fec5bb3b1

	@MAIN EPILOGUE
	ADD sp, #4
	MOV sp, fp
	LDR fp, [sp]
	ADD sp, #4

	MOV r7, #1
	swi 0

