@------ ARM ------
(let z = e0 in (let y = e1 in e2))
