?v3
?v4
?v3
?v4
?v5
@------ ARM------
	.text
	.global _start
_start:
	BL _main
_main:
	@MAIN PROLOGUE
	SUB sp, #4
	LDR lr, [sp]
	SUB sp, #4
	STR fp, [sp]
	MOV fp, sp

	LDR r6, =3
	LDR r7, =3
	ADD r0, r8, r7
	MOV r5, r0

	@MAIN EPILOGUE
	ADD sp, #4
	MOV sp, fp
	LDR fp, [sp]
	ADD sp, #4

	MOV r7, #1
	swi 0

